root server-> root location ->uri
